[wondrium.7xm.xyz/index.html]
[backblue.gif]
[fade.gif]
[index.html]
[wondrium.7xm.xyz/index-2.html]
[maxcdn.bootstrapcdn.com/font-awesome/4.5.0/css/font-awesome.min.css]
[wondrium.7xm.xyz/public/assets/css/bootstrap.min.css]
[wondrium.7xm.xyz/public/assets/css/styleae52ae52ae52.css]
[wondrium.7xm.xyz/cdn-cgi/scripts/7d0fa10a/cloudflare-static/rocket-loader.min.js]
[wondrium.7xm.xyz/cdn-cgi/bm/cv/669835187/api.js]
[code.jquery.com/jquery-3.6.0.js]
[cdnjs.cloudflare.com/ajax/libs/normalize/5.0.0/normalize.min.css]
[unpkg.com/plyr@3/dist/plyr.8.delayed]
[unpkg.com/plyr@3.7.8/dist/plyr.css]
[wondrium.7xm.xyz/public/assets/js/jquery.min.js]
[wondrium.7xm.xyz/public/assets/js/bootstrap.min.js]
[wondrium.7xm.xyz/public/assets/js/scriptsc164c164.js]
[cdn.jsdelivr.net/gh/video-dev/hls.js@18bb552/dist/hls.min.js]
[cdn.polyfill.io/v2/polyfill.min85ed.js]
[wondrium.7xm.xyz/index.html]
[wondrium.7xm.xyz/index-2.html]
[maxcdn.bootstrapcdn.com/font-awesome/4.5.0/css/font-awesome.min.css]
[wondrium.7xm.xyz/public/assets/fonts/glyphicons-halflings-regular.eot]
[wondrium.7xm.xyz/public/assets/fonts/glyphicons-halflings-regulard41dd41d.eot]
[wondrium.7xm.xyz/public/assets/fonts/glyphicons-halflings-regular.html]
[wondrium.7xm.xyz/public/assets/fonts/glyphicons-halflings-regular.woff]
[wondrium.7xm.xyz/public/assets/fonts/glyphicons-halflings-regular.ttf]
[wondrium.7xm.xyz/public/assets/css/bootstrap.min.css]
[wondrium.7xm.xyz/public/assets/fonts/glyphicons-halflings-regular.svg]
[wondrium.7xm.xyz/public/assets/images/checked.png]
[wondrium.7xm.xyz/public/assets/css/styleae52ae52ae52.css]
[wondrium.7xm.xyz/cdn-cgi/scripts/7d0fa10a/cloudflare-static/rocket-loader.min.html]
[wondrium.7xm.xyz/cdn-cgi/bm/cv/669835187/api.html]
[cdnjs.cloudflare.com/ajax/libs/normalize/5.0.0/normalize.min.css]
[unpkg.com/plyr@3.7.8/dist/plyr.css]
[wondrium.7xm.xyz/public/assets/js/jquery.min.js]
[wondrium.7xm.xyz/Popover requires tooltip.js]
[wondrium.7xm.xyz/public/assets/js/bootstrap.min.js]
[wondrium.7xm.xyz/public/assets/js/scriptsc164c164.js]
[wondrium.7xm.xyz/public/assets/fonts/glyphicons-halflings-regular.html]
[wondrium.7xm.xyz/public/assets/fonts/glyphicons-halflings-regular.svg]
[wondrium.7xm.xyz/Popover requires tooltip.html]
